[debug] [2026-02-12T09:15:50.440Z] ----------------------------------------------------------------------
[debug] [2026-02-12T09:15:50.447Z] Command:       C:\Program Files\nodejs\node.exe C:\Users\pc\AppData\Roaming\npm\node_modules\firebase-tools\lib\bin\firebase.js deploy
[debug] [2026-02-12T09:15:50.448Z] CLI Version:   15.1.0
[debug] [2026-02-12T09:15:50.449Z] Platform:      win32
[debug] [2026-02-12T09:15:50.449Z] Node Version:  v22.21.0
[debug] [2026-02-12T09:15:50.450Z] Time:          Thu Feb 12 2026 14:15:50 GMT+0500 (Pakistan Standard Time)
[debug] [2026-02-12T09:15:50.451Z] ----------------------------------------------------------------------
[debug] 
[debug] [2026-02-12T09:15:56.120Z] > command requires scopes: ["email","openid","https://www.googleapis.com/auth/cloudplatformprojects.readonly","https://www.googleapis.com/auth/firebase","https://www.googleapis.com/auth/cloud-platform"]
[debug] [2026-02-12T09:15:56.121Z] > authorizing via signed-in user (mehdiaosja12@gmail.com)
[debug] [2026-02-12T09:15:56.121Z] [iam] checking project product-one-4d742 for permissions ["firebase.projects.get","firebasehosting.sites.update"]
[debug] [2026-02-12T09:15:56.123Z] Checked if tokens are valid: false, expires at: 1770885313298
[debug] [2026-02-12T09:15:56.124Z] Checked if tokens are valid: false, expires at: 1770885313298
[debug] [2026-02-12T09:15:56.124Z] > refreshing access token with scopes: []
[debug] [2026-02-12T09:15:56.129Z] >>> [apiv2][query] POST https://www.googleapis.com/oauth2/v3/token [none]
[debug] [2026-02-12T09:15:56.129Z] >>> [apiv2][body] POST https://www.googleapis.com/oauth2/v3/token [omitted]
[debug] [2026-02-12T09:15:56.692Z] <<< [apiv2][status] POST https://www.googleapis.com/oauth2/v3/token 200
[debug] [2026-02-12T09:15:56.692Z] <<< [apiv2][body] POST https://www.googleapis.com/oauth2/v3/token [omitted]
[debug] [2026-02-12T09:15:56.704Z] >>> [apiv2][query] POST https://cloudresourcemanager.googleapis.com/v1/projects/product-one-4d742:testIamPermissions [none]
[debug] [2026-02-12T09:15:56.704Z] >>> [apiv2][(partial)header] POST https://cloudresourcemanager.googleapis.com/v1/projects/product-one-4d742:testIamPermissions x-goog-quota-user=projects/product-one-4d742
[debug] [2026-02-12T09:15:56.705Z] >>> [apiv2][body] POST https://cloudresourcemanager.googleapis.com/v1/projects/product-one-4d742:testIamPermissions {"permissions":["firebase.projects.get","firebasehosting.sites.update"]}
